C:\conda\Lib\site-packages\requests\__init__.py:113: RequestsDependencyWarning: urllib3 (2.2.2) or chardet (7.4.3)/charset_normalizer (3.4.7) doesn't match a supported version!
  warnings.warn(
Traceback (most recent call last):
  File "$PROJECT_ROOT\experiments\04_swebench_lite_agentless\prepare.py", line 898, in <module>
    main()
  File "$PROJECT_ROOT\experiments\04_swebench_lite_agentless\prepare.py", line 813, in main
    raw_items = load_swebench_items(config)
                ^^^^^^^^^^^^^^^^^^^^^^^^^^^
  File "$PROJECT_ROOT\experiments\04_swebench_lite_agentless\prepare.py", line 151, in load_swebench_items
    return [dict(row) for row in load_dataset(dataset_name, split=split)]
                                 ^^^^^^^^^^^^^^^^^^^^^^^^^^^^^^^^^^^^^^^
  File "C:\conda\Lib\site-packages\datasets\load.py", line 2062, in load_dataset
    builder_instance = load_dataset_builder(
                       ^^^^^^^^^^^^^^^^^^^^^
  File "C:\conda\Lib\site-packages\datasets\load.py", line 1782, in load_dataset_builder
    dataset_module = dataset_module_factory(
                     ^^^^^^^^^^^^^^^^^^^^^^^
  File "C:\conda\Lib\site-packages\datasets\load.py", line 1664, in dataset_module_factory
    raise e1 from None
  File "C:\conda\Lib\site-packages\datasets\load.py", line 1565, in dataset_module_factory
    raise ConnectionError(f"Couldn't reach '{path}' on the Hub ({e.__class__.__name__})") from e
ConnectionError: Couldn't reach 'SWE-bench/SWE-bench_Verified' on the Hub (OfflineModeIsEnabled)
