C:\conda\Lib\site-packages\requests\__init__.py:113: RequestsDependencyWarning: urllib3 (2.2.2) or chardet (7.4.3)/charset_normalizer (3.4.7) doesn't match a supported version!
  warnings.warn(
Traceback (most recent call last):
  File "$PROJECT_ROOT\prepare_random218_flash_assets.py", line 354, in <module>
    raise SystemExit(main())
                     ^^^^^^
  File "$PROJECT_ROOT\prepare_random218_flash_assets.py", line 324, in main
    completed = subprocess.run(
                ^^^^^^^^^^^^^^^
  File "C:\conda\Lib\subprocess.py", line 550, in run
    stdout, stderr = process.communicate(input, timeout=timeout)
                     ^^^^^^^^^^^^^^^^^^^^^^^^^^^^^^^^^^^^^^^^^^^
  File "C:\conda\Lib\subprocess.py", line 1201, in communicate
    self.wait()
  File "C:\conda\Lib\subprocess.py", line 1264, in wait
    return self._wait(timeout=timeout)
           ^^^^^^^^^^^^^^^^^^^^^^^^^^^
  File "C:\conda\Lib\subprocess.py", line 1590, in _wait
    result = _winapi.WaitForSingleObject(self._handle,
             ^^^^^^^^^^^^^^^^^^^^^^^^^^^^^^^^^^^^^^^^^
KeyboardInterrupt
