{
  "execute": true,
  "initial": {
    "expected": 218,
    "complete": 215,
    "missing": [
      "pylint-dev__pylint-4551",
      "django__django-16032",
      "mwaskom__seaborn-3187"
    ],
    "invalid": [],
    "usage": {
      "spl_input_tokens": 52821643,
      "spl_output_tokens": 96516953,
      "spl_reasoning_tokens": 81683360,
      "spl_total_tokens": 149338596,
      "spl_calls": 32157,
      "spl_elapsed_seconds": 848642.1088338003,
      "summary_input_tokens": 2638741,
      "summary_output_tokens": 263945,
      "summary_total_tokens": 2902686,
      "summary_calls": 253,
      "summary_elapsed_seconds": 2727.2889590000414
    }
  }
}
